<html>
<body>
<pre>
<h1>µVision Build Log</h1>
<h2>Tool Versions:</h2>
IDE-Version: ¶ÃVision V5.14.0.0
Copyright (C) 2015 ARM Ltd and ARM Germany GmbH. All rights reserved.
License Information: yuanjie yuanjie, yuanjie, LIC=FYKYW-QKI84-LQC0Q-ND2UK-9IMF4-W45SA
 
Tool Versions:
Toolchain:       MDK-ARM Standard  Version: 5.14.0.0
Toolchain Path:  G:\keil\ARM\ARMCC\Bin
C Compiler:      Armcc.exe V5.05 update 1 (build 106)
Assembler:       Armasm.exe V5.05 update 1 (build 106)
Linker/Locator:  ArmLink.exe V5.05 update 1 (build 106)
Library Manager: ArmAr.exe V5.05 update 1 (build 106)
Hex Converter:   FromElf.exe V5.05 update 1 (build 106)
CPU DLL:         SARMCM3.DLL V5.14.0.0
Dialog DLL:      DARMSTM.DLL V1.65.0.0
Target DLL:      Segger\JL2CM3.dll V2.99.13.0
Dialog DLL:      TARMSTM.DLL V1.64.0.0
 
<h2>Project:</h2>
C:\Users\57639\Desktop\∑‰√˘∆˜≤•∑≈“Ù¿÷\USER\REMOTE.uvprojx
Project File Date:  12/24/2023

<h2>Output:</h2>
Build target 'REMOTE'
compiling beep.c...
linking...
Program Size: Code=31940 RO-data=7448 RW-data=72 ZI-data=1848  
FromELF: creating hex file...
"..\OBJ\REMOTE.axf" - 0 Error(s), 0 Warning(s).

<h2>Collection of Component include folders:</h2>
  C:\Users\57639\Desktop\∑‰√˘∆˜≤•∑≈“Ù¿÷\USER\RTE
  G:\keil\pack\Keil\STM32F1xx_DFP\2.2.0

<h2>Collection of Component Files used:</h2>
</pre>
</body>
</html>
